# W5-10 — Mở rộng deploy/scan-secrets.sh (BUG-W4-02) (TV4 08/10/2026)
# Vấn đề: N1-8 (0c692d3) chỉ quét render.yaml/compose + 7 pattern token → `Password=postgres`,
# `minioadmin`, JWT key trong appsettings*.json và env: workflow lọt (BUG-W4-02, A1 P0).

Thay đổi:
- `check_json_config_secrets` — quét `src/backend/**/appsettings*.json` (chấp nhận JSON nhiều dòng lẫn 1 dòng):
    + khoá chứa password/secret/key/token/connectionstring có giá trị literal → bắt
    + chuỗi kết nối có `Password=literal` → bắt (dù tên khoá không nhạy cảm: v.d. "Database")
- `check_workflow_env_secrets` — quét `.github/workflows/*.yml`: biến env nhạy cảm gán literal → bắt
  (bỏ qua `${{ secrets.* }}`, `${{ github.run_id }}`, `ci-*`, `${VAR}`, rỗng, changeme/your)
- `is_literal_secret_value` — ngưỡng chung: placeholder CI/config + credential CI-only (tiền tố `ci-`, ghi rõ lý do) không tính là secret thật
- Script giờ guard `BASH_SOURCE` để tái dùng hàm trong test
- `.github/workflows/backend.yml` thêm bước `Test scan-secrets`

Kết quả (Git Bash):
- `bash deploy/scan-secrets.sh` → exit 0: "OK: không phát hiện secret bị gửi vào repo."
- `bash deploy/scan-secrets.test.sh` → **9 PASS / 0 FAIL** + full-scan repo exit 0:
    + JSON: SigningKey rỗng + Password=${VAR} placeholder → 0 lỗi
    + JSON: AccessKey/SecretKey literal → 2 lỗi
    + JSON: chuỗi kết nối Password=literal → 1 lỗi
    + JSON: giá trị `changeme` → 0 lỗi
    + Workflow: `${{ secrets.* }}` + `ci-*` + rỗng → 0 lỗi
    + Workflow: TOKEN literal → 1 lỗi
    + Workflow: chuỗi kết nối Password=literal → 1 lỗi
    + render: `sync: false` → 0 lỗi
    + render: value literal → 1 lỗi