   at Npgsql.Internal.NpgsqlConnector.ReadMessageLong(Boolean async, DataRowLoadingMode dataRowLoadingMode, Boolean readingNotifications, Boolean isReadingPrependedMessage)
   at System.Runtime.CompilerServices.PoolingAsyncValueTaskMethodBuilder`1.StateMachineBox`1.System.Threading.Tasks.Sources.IValueTaskSource<TResult>.GetResult(Int16 token)
   at Npgsql.Internal.NpgsqlConnector.AuthenticateSASL(List`1 mechanisms, String username, Boolean async, CancellationToken cancellationToken)
   at Npgsql.Internal.NpgsqlConnector.Authenticate(String username, NpgsqlTimeout timeout, Boolean async, CancellationToken cancellationToken)
   at Npgsql.Internal.NpgsqlConnector.<Open>g__OpenCore|209_0(NpgsqlConnector conn, String username, SslMode sslMode, GssEncryptionMode gssEncMode, NpgsqlTimeout timeout, Boolean async, CancellationToken cancellationToken)
   at Npgsql.Internal.NpgsqlConnector.<Open>g__OpenCore|209_0(NpgsqlConnector conn, String username, SslMode sslMode, GssEncryptionMode gssEncMode, NpgsqlTimeout timeout, Boolean async, CancellationToken cancellationToken)
   at Npgsql.Internal.NpgsqlConnector.Open(NpgsqlTimeout timeout, Boolean async, CancellationToken cancellationToken)
   at Npgsql.PoolingDataSource.OpenNewConnector(NpgsqlConnection conn, NpgsqlTimeout timeout, Boolean async, CancellationToken cancellationToken)
   at Npgsql.PoolingDataSource.<Get>g__RentAsync|33_0(NpgsqlConnection conn, NpgsqlTimeout timeout, Boolean async, CancellationToken cancellationToken)
   at Npgsql.NpgsqlConnection.<Open>g__OpenAsync|42_0(Boolean async, CancellationToken cancellationToken)
   at Microsoft.EntityFrameworkCore.Storage.RelationalConnection.OpenInternalAsync(Boolean errorsExpected, CancellationToken cancellationToken)
   at Microsoft.EntityFrameworkCore.Storage.RelationalConnection.OpenInternalAsync(Boolean errorsExpected, CancellationToken cancellationToken)
   at Microsoft.EntityFrameworkCore.Storage.RelationalConnection.OpenAsync(CancellationToken cancellationToken, Boolean errorsExpected)
   at Microsoft.EntityFrameworkCore.Storage.RelationalCommand.ExecuteReaderAsync(RelationalCommandParameterObject parameterObject, CancellationToken cancellationToken)
   at Microsoft.EntityFrameworkCore.Query.Internal.SingleQueryingEnumerable`1.AsyncEnumerator.InitializeReaderAsync(AsyncEnumerator enumerator, CancellationToken cancellationToken)
   at Npgsql.EntityFrameworkCore.PostgreSQL.Storage.Internal.NpgsqlExecutionStrategy.ExecuteAsync[TState,TResult](TState state, Func`4 operation, Func`4 verifySucceeded, CancellationToken cancellationToken)
   at Microsoft.EntityFrameworkCore.Query.Internal.SingleQueryingEnumerable`1.AsyncEnumerator.MoveNextAsync()
  Exception data:
    Severity: FATAL
    SqlState: 28P01
    MessageText: password authentication failed for user "postgres"
    File: auth.c
    Line: 331
    Routine: auth_failed {"EventId": {"Id": 10100, "Name": "Microsoft.EntityFrameworkCore.Query.QueryIterationFailed"}, "SourceContext": "Microsoft.EntityFrameworkCore.Query", "Application": "CulinaryBlog.API", "Environment": "Staging"}
[14:23:28 WRN] Database seeding on startup skipped: 28P01: password authentication failed for user "postgres" {"Application": "CulinaryBlog.API", "Environment": "Staging"}
[14:23:28 INF] Dang chay tren instance 407981a49d88 {"Application": "CulinaryBlog.API", "Environment": "Staging"}
[14:23:28 WRN] Storing keys in a directory '/root/.aspnet/DataProtection-Keys' that may not be persisted outside of the container. Protected data will be unavailable when container is destroyed. For more information go to https://aka.ms/aspnet/dataprotectionwarning {"EventId": {"Id": 60, "Name": "UsingEphemeralFileSystemLocationInContainer"}, "SourceContext": "Microsoft.AspNetCore.DataProtection.Repositories.FileSystemXmlRepository", "Application": "CulinaryBlog.API", "Environment": "Staging"}
[14:23:28 WRN] No XML encryptor configured. Key {99bfb13e-7c7c-4c92-949e-617cbfe97fc7} may be persisted to storage in unencrypted form. {"EventId": {"Id": 35, "Name": "NoXMLEncryptorConfiguredKeyMayBePersistedToStorageInUnencryptedForm"}, "SourceContext": "Microsoft.AspNetCore.DataProtection.KeyManagement.XmlKeyManager", "Application": "CulinaryBlog.API", "Environment": "Staging"}
[14:23:28 INF] Starting Hangfire Server using job storage: 'PostgreSQL Server: Host: culinary-db, DB: culinary_blog, Schema: hangfire' {"SourceContext": "Hangfire.BackgroundJobServer", "Application": "CulinaryBlog.API", "Environment": "Staging"}
[14:23:28 INF] Using the following options for PostgreSQL job storage: {"SourceContext": "Hangfire.BackgroundJobServer", "Application": "CulinaryBlog.API", "Environment": "Staging"}
[14:23:28 INF]     Queue poll interval: 00:00:15. {"SourceContext": "Hangfire.BackgroundJobServer", "Application": "CulinaryBlog.API", "Environment": "Staging"}
[14:23:28 INF]     Invisibility timeout: 00:30:00. {"SourceContext": "Hangfire.BackgroundJobServer", "Application": "CulinaryBlog.API", "Environment": "Staging"}
[14:23:28 INF]     Use sliding invisibility timeout: False. {"SourceContext": "Hangfire.BackgroundJobServer", "Application": "CulinaryBlog.API", "Environment": "Staging"}
[14:23:28 INF] Using the following options for Hangfire Server:
    Worker count: 4
    Listening queues: 'default'
    Shutdown timeout: 00:00:30
    Schedule polling interval: 00:00:15 {"SourceContext": "Hangfire.BackgroundJobServer", "Application": "CulinaryBlog.API", "Environment": "Staging"}
docker : Cannot load library libgssapi_krb5.so.2 
At line:1 char:1
+ docker logs staging-culinary-api 2>&1 | Select-Object -Last 40 | Out- ...
+ ~~~~~~~~~~~~~~~~~~~~~~~~~~~~~~~~~~~~~
    + CategoryInfo          : NotSpecified: (Cannot load library libgssapi_krb5.so.2 :String) [], RemoteException
    + FullyQualifiedErrorId : NativeCommandError
 
Error: libgssapi_krb5.so.2: cannot open shared object file: No such file or directory
